// Jest Snapshot v1, https://goo.gl/fbAQLP

exports[`Login component should render correctly 1`] = `
ShallowWrapper {
  "length": 1,
  Symbol(enzyme.__root__): [Circular],
  Symbol(enzyme.__unrendered__): <Login
    registerUser={[Function]}
    signInOrOut={[Function]}
    signedIn={false}
    signingError={false}
    signingErrorMessage=""
    users={
        Array [
            Object {
              "pass": "pass",
              "userName": "User",
            },
            Object {
              "pass": "pass2",
              "userName": "User2",
            },
          ]
    }
/>,
  Symbol(enzyme.__renderer__): Object {
    "batchedUpdates": [Function],
    "getNode": [Function],
    "render": [Function],
    "simulateEvent": [Function],
    "unmount": [Function],
  },
  Symbol(enzyme.__node__): Object {
    "instance": null,
    "key": undefined,
    "nodeType": "host",
    "props": Object {
      "children": Array [
        <Link
          className="LinkToNbp"
          replace={false}
          to="/"
>
          Przejdź do kursów walut bez logowania
</Link>,
        <form
          onSubmit={[Function]}
>
          <div
                    className="form-group"
          >
                    <input
                              className="form-control "
                              onChange={[Function]}
                              placeholder="Użytkownik"
                              type="text"
                              value=""
                    />
                    
          </div>
          <div
                    className="form-group"
          >
                    <input
                              className="form-control "
                              onChange={[Function]}
                              placeholder="Hasło"
                              type="password"
                              value=""
                    />
          </div>
          
          <div
                    className="form-group"
          >
                    <button
                              className="btn btn-primary LoginButton"
                              type="submit"
                    >
                              Zaloguj
                    </button>
          </div>
</form>,
        <div
          className="form-group"
>
          <button
                    className="btn btn-info"
                    onClick={[Function]}
          >
                    Zarejestruj sie
          </button>
</div>,
      ],
      "className": "LoginForm",
    },
    "ref": null,
    "rendered": Array [
      Object {
        "instance": null,
        "key": undefined,
        "nodeType": "class",
        "props": Object {
          "children": "Przejdź do kursów walut bez logowania",
          "className": "LinkToNbp",
          "replace": false,
          "to": "/",
        },
        "ref": null,
        "rendered": "Przejdź do kursów walut bez logowania",
        "type": [Function],
      },
      Object {
        "instance": null,
        "key": undefined,
        "nodeType": "host",
        "props": Object {
          "children": Array [
            <div
              className="form-group"
>
              <input
                            className="form-control "
                            onChange={[Function]}
                            placeholder="Użytkownik"
                            type="text"
                            value=""
              />
              
</div>,
            <div
              className="form-group"
>
              <input
                            className="form-control "
                            onChange={[Function]}
                            placeholder="Hasło"
                            type="password"
                            value=""
              />
</div>,
            "",
            <div
              className="form-group"
>
              <button
                            className="btn btn-primary LoginButton"
                            type="submit"
              >
                            Zaloguj
              </button>
</div>,
          ],
          "onSubmit": [Function],
        },
        "ref": null,
        "rendered": Array [
          Object {
            "instance": null,
            "key": undefined,
            "nodeType": "host",
            "props": Object {
              "children": Array [
                <input
                  className="form-control "
                  onChange={[Function]}
                  placeholder="Użytkownik"
                  type="text"
                  value=""
/>,
                "",
              ],
              "className": "form-group",
            },
            "ref": null,
            "rendered": Array [
              Object {
                "instance": null,
                "key": undefined,
                "nodeType": "host",
                "props": Object {
                  "className": "form-control ",
                  "onChange": [Function],
                  "placeholder": "Użytkownik",
                  "type": "text",
                  "value": "",
                },
                "ref": null,
                "rendered": null,
                "type": "input",
              },
              "",
            ],
            "type": "div",
          },
          Object {
            "instance": null,
            "key": undefined,
            "nodeType": "host",
            "props": Object {
              "children": <input
                className="form-control "
                onChange={[Function]}
                placeholder="Hasło"
                type="password"
                value=""
/>,
              "className": "form-group",
            },
            "ref": null,
            "rendered": Object {
              "instance": null,
              "key": undefined,
              "nodeType": "host",
              "props": Object {
                "className": "form-control ",
                "onChange": [Function],
                "placeholder": "Hasło",
                "type": "password",
                "value": "",
              },
              "ref": null,
              "rendered": null,
              "type": "input",
            },
            "type": "div",
          },
          "",
          Object {
            "instance": null,
            "key": undefined,
            "nodeType": "host",
            "props": Object {
              "children": <button
                className="btn btn-primary LoginButton"
                type="submit"
>
                Zaloguj
</button>,
              "className": "form-group",
            },
            "ref": null,
            "rendered": Object {
              "instance": null,
              "key": undefined,
              "nodeType": "host",
              "props": Object {
                "children": "Zaloguj",
                "className": "btn btn-primary LoginButton",
                "type": "submit",
              },
              "ref": null,
              "rendered": "Zaloguj",
              "type": "button",
            },
            "type": "div",
          },
        ],
        "type": "form",
      },
      Object {
        "instance": null,
        "key": undefined,
        "nodeType": "host",
        "props": Object {
          "children": <button
            className="btn btn-info"
            onClick={[Function]}
>
            Zarejestruj sie
</button>,
          "className": "form-group",
        },
        "ref": null,
        "rendered": Object {
          "instance": null,
          "key": undefined,
          "nodeType": "host",
          "props": Object {
            "children": "Zarejestruj sie",
            "className": "btn btn-info",
            "onClick": [Function],
          },
          "ref": null,
          "rendered": "Zarejestruj sie",
          "type": "button",
        },
        "type": "div",
      },
    ],
    "type": "div",
  },
  Symbol(enzyme.__nodes__): Array [
    Object {
      "instance": null,
      "key": undefined,
      "nodeType": "host",
      "props": Object {
        "children": Array [
          <Link
            className="LinkToNbp"
            replace={false}
            to="/"
>
            Przejdź do kursów walut bez logowania
</Link>,
          <form
            onSubmit={[Function]}
>
            <div
                        className="form-group"
            >
                        <input
                                    className="form-control "
                                    onChange={[Function]}
                                    placeholder="Użytkownik"
                                    type="text"
                                    value=""
                        />
                        
            </div>
            <div
                        className="form-group"
            >
                        <input
                                    className="form-control "
                                    onChange={[Function]}
                                    placeholder="Hasło"
                                    type="password"
                                    value=""
                        />
            </div>
            
            <div
                        className="form-group"
            >
                        <button
                                    className="btn btn-primary LoginButton"
                                    type="submit"
                        >
                                    Zaloguj
                        </button>
            </div>
</form>,
          <div
            className="form-group"
>
            <button
                        className="btn btn-info"
                        onClick={[Function]}
            >
                        Zarejestruj sie
            </button>
</div>,
        ],
        "className": "LoginForm",
      },
      "ref": null,
      "rendered": Array [
        Object {
          "instance": null,
          "key": undefined,
          "nodeType": "class",
          "props": Object {
            "children": "Przejdź do kursów walut bez logowania",
            "className": "LinkToNbp",
            "replace": false,
            "to": "/",
          },
          "ref": null,
          "rendered": "Przejdź do kursów walut bez logowania",
          "type": [Function],
        },
        Object {
          "instance": null,
          "key": undefined,
          "nodeType": "host",
          "props": Object {
            "children": Array [
              <div
                className="form-group"
>
                <input
                                className="form-control "
                                onChange={[Function]}
                                placeholder="Użytkownik"
                                type="text"
                                value=""
                />
                
</div>,
              <div
                className="form-group"
>
                <input
                                className="form-control "
                                onChange={[Function]}
                                placeholder="Hasło"
                                type="password"
                                value=""
                />
</div>,
              "",
              <div
                className="form-group"
>
                <button
                                className="btn btn-primary LoginButton"
                                type="submit"
                >
                                Zaloguj
                </button>
</div>,
            ],
            "onSubmit": [Function],
          },
          "ref": null,
          "rendered": Array [
            Object {
              "instance": null,
              "key": undefined,
              "nodeType": "host",
              "props": Object {
                "children": Array [
                  <input
                    className="form-control "
                    onChange={[Function]}
                    placeholder="Użytkownik"
                    type="text"
                    value=""
/>,
                  "",
                ],
                "className": "form-group",
              },
              "ref": null,
              "rendered": Array [
                Object {
                  "instance": null,
                  "key": undefined,
                  "nodeType": "host",
                  "props": Object {
                    "className": "form-control ",
                    "onChange": [Function],
                    "placeholder": "Użytkownik",
                    "type": "text",
                    "value": "",
                  },
                  "ref": null,
                  "rendered": null,
                  "type": "input",
                },
                "",
              ],
              "type": "div",
            },
            Object {
              "instance": null,
              "key": undefined,
              "nodeType": "host",
              "props": Object {
                "children": <input
                  className="form-control "
                  onChange={[Function]}
                  placeholder="Hasło"
                  type="password"
                  value=""
/>,
                "className": "form-group",
              },
              "ref": null,
              "rendered": Object {
                "instance": null,
                "key": undefined,
                "nodeType": "host",
                "props": Object {
                  "className": "form-control ",
                  "onChange": [Function],
                  "placeholder": "Hasło",
                  "type": "password",
                  "value": "",
                },
                "ref": null,
                "rendered": null,
                "type": "input",
              },
              "type": "div",
            },
            "",
            Object {
              "instance": null,
              "key": undefined,
              "nodeType": "host",
              "props": Object {
                "children": <button
                  className="btn btn-primary LoginButton"
                  type="submit"
>
                  Zaloguj
</button>,
                "className": "form-group",
              },
              "ref": null,
              "rendered": Object {
                "instance": null,
                "key": undefined,
                "nodeType": "host",
                "props": Object {
                  "children": "Zaloguj",
                  "className": "btn btn-primary LoginButton",
                  "type": "submit",
                },
                "ref": null,
                "rendered": "Zaloguj",
                "type": "button",
              },
              "type": "div",
            },
          ],
          "type": "form",
        },
        Object {
          "instance": null,
          "key": undefined,
          "nodeType": "host",
          "props": Object {
            "children": <button
              className="btn btn-info"
              onClick={[Function]}
>
              Zarejestruj sie
</button>,
            "className": "form-group",
          },
          "ref": null,
          "rendered": Object {
            "instance": null,
            "key": undefined,
            "nodeType": "host",
            "props": Object {
              "children": "Zarejestruj sie",
              "className": "btn btn-info",
              "onClick": [Function],
            },
            "ref": null,
            "rendered": "Zarejestruj sie",
            "type": "button",
          },
          "type": "div",
        },
      ],
      "type": "div",
    },
  ],
  Symbol(enzyme.__options__): Object {
    "adapter": ReactSixteenAdapter {
      "options": Object {
        "enableComponentDidUpdateOnSetState": true,
      },
    },
  },
}
`;
