// Jest Snapshot v1, https://goo.gl/fbAQLP

exports[`Card component should render correctly 1`] = `
ShallowWrapper {
  "length": 1,
  Symbol(enzyme.__root__): [Circular],
  Symbol(enzyme.__unrendered__): <Card
    addCard={[Function]}
    cardData={
        Object {
            "code": "USD",
            "currency": "dolar amerykański",
            "id": "someId",
            "rates": Array [
              Object {
                "ask": 3.3,
                "bid": 3.4,
              },
            ],
          }
    }
    cards={
        Array [
            Object {
              "code": "USD",
              "currency": "dolar amerykański",
              "id": "someId",
              "rates": Array [
                Object {
                  "ask": 3.3,
                  "bid": 3.4,
                },
              ],
            },
            Object {
              "code": "USD",
              "currency": "dolar amerykański",
              "id": "someId2",
              "rates": Object {
                "ask": 3.3,
                "bid": 3.4,
              },
            },
          ]
    }
    deleteCard={[Function]}
    isTemporary={true}
    showDetails={[Function]}
    signedIn={true}
    userSignedIn="User"
/>,
  Symbol(enzyme.__renderer__): Object {
    "batchedUpdates": [Function],
    "getNode": [Function],
    "render": [Function],
    "simulateEvent": [Function],
    "unmount": [Function],
  },
  Symbol(enzyme.__node__): Object {
    "instance": null,
    "key": undefined,
    "nodeType": "host",
    "props": Object {
      "children": Array [
        <div
          className="row CardMainContainer"
>
          <div
                    className="col-4 CardMainCell Left"
          >
                    <p
                              className="CardMainCellText"
                    >
                              USD
                    </p>
          </div>
          <div
                    className="col-4 CardMainCell Mid"
          >
                    <p
                              className="CardMainCellText"
                    >
                              3.3
                    </p>
          </div>
          <div
                    className="col-4 CardMainCell Right"
          >
                    <p
                              className="CardMainCellText"
                    >
                              3.4
                    </p>
                    
          </div>
</div>,
        <div
          className="CardNameCell"
>
          <p>
                    dolar amerykański
          </p>
</div>,
        <div
          className="DoubleButton"
>
          <button
                    className="SaveButton"
                    onClick={[Function]}
          >
                    Przypnij
          </button>
          <button
                    className="HalfCardButton"
                    onClick={[Function]}
          >
                    Dodaj do wykresu
          </button>
</div>,
      ],
      "className": "Card",
    },
    "ref": null,
    "rendered": Array [
      Object {
        "instance": null,
        "key": undefined,
        "nodeType": "host",
        "props": Object {
          "children": Array [
            <div
              className="col-4 CardMainCell Left"
>
              <p
                            className="CardMainCellText"
              >
                            USD
              </p>
</div>,
            <div
              className="col-4 CardMainCell Mid"
>
              <p
                            className="CardMainCellText"
              >
                            3.3
              </p>
</div>,
            <div
              className="col-4 CardMainCell Right"
>
              <p
                            className="CardMainCellText"
              >
                            3.4
              </p>
              
</div>,
          ],
          "className": "row CardMainContainer",
        },
        "ref": null,
        "rendered": Array [
          Object {
            "instance": null,
            "key": undefined,
            "nodeType": "host",
            "props": Object {
              "children": <p
                className="CardMainCellText"
>
                USD
</p>,
              "className": "col-4 CardMainCell Left",
            },
            "ref": null,
            "rendered": Object {
              "instance": null,
              "key": undefined,
              "nodeType": "host",
              "props": Object {
                "children": "USD",
                "className": "CardMainCellText",
              },
              "ref": null,
              "rendered": "USD",
              "type": "p",
            },
            "type": "div",
          },
          Object {
            "instance": null,
            "key": undefined,
            "nodeType": "host",
            "props": Object {
              "children": <p
                className="CardMainCellText"
>
                3.3
</p>,
              "className": "col-4 CardMainCell Mid",
            },
            "ref": null,
            "rendered": Object {
              "instance": null,
              "key": undefined,
              "nodeType": "host",
              "props": Object {
                "children": 3.3,
                "className": "CardMainCellText",
              },
              "ref": null,
              "rendered": 3.3,
              "type": "p",
            },
            "type": "div",
          },
          Object {
            "instance": null,
            "key": undefined,
            "nodeType": "host",
            "props": Object {
              "children": Array [
                <p
                  className="CardMainCellText"
>
                  3.4
</p>,
                "",
              ],
              "className": "col-4 CardMainCell Right",
            },
            "ref": null,
            "rendered": Array [
              Object {
                "instance": null,
                "key": undefined,
                "nodeType": "host",
                "props": Object {
                  "children": 3.4,
                  "className": "CardMainCellText",
                },
                "ref": null,
                "rendered": 3.4,
                "type": "p",
              },
              "",
            ],
            "type": "div",
          },
        ],
        "type": "div",
      },
      Object {
        "instance": null,
        "key": undefined,
        "nodeType": "host",
        "props": Object {
          "children": <p>
            dolar amerykański
</p>,
          "className": "CardNameCell",
        },
        "ref": null,
        "rendered": Object {
          "instance": null,
          "key": undefined,
          "nodeType": "host",
          "props": Object {
            "children": "dolar amerykański",
          },
          "ref": null,
          "rendered": "dolar amerykański",
          "type": "p",
        },
        "type": "div",
      },
      Object {
        "instance": null,
        "key": undefined,
        "nodeType": "host",
        "props": Object {
          "children": Array [
            <button
              className="SaveButton"
              onClick={[Function]}
>
              Przypnij
</button>,
            <button
              className="HalfCardButton"
              onClick={[Function]}
>
              Dodaj do wykresu
</button>,
          ],
          "className": "DoubleButton",
        },
        "ref": null,
        "rendered": Array [
          Object {
            "instance": null,
            "key": undefined,
            "nodeType": "host",
            "props": Object {
              "children": "Przypnij",
              "className": "SaveButton",
              "onClick": [Function],
            },
            "ref": null,
            "rendered": "Przypnij",
            "type": "button",
          },
          Object {
            "instance": null,
            "key": undefined,
            "nodeType": "host",
            "props": Object {
              "children": "Dodaj do wykresu",
              "className": "HalfCardButton",
              "onClick": [Function],
            },
            "ref": null,
            "rendered": "Dodaj do wykresu",
            "type": "button",
          },
        ],
        "type": "div",
      },
    ],
    "type": "div",
  },
  Symbol(enzyme.__nodes__): Array [
    Object {
      "instance": null,
      "key": undefined,
      "nodeType": "host",
      "props": Object {
        "children": Array [
          <div
            className="row CardMainContainer"
>
            <div
                        className="col-4 CardMainCell Left"
            >
                        <p
                                    className="CardMainCellText"
                        >
                                    USD
                        </p>
            </div>
            <div
                        className="col-4 CardMainCell Mid"
            >
                        <p
                                    className="CardMainCellText"
                        >
                                    3.3
                        </p>
            </div>
            <div
                        className="col-4 CardMainCell Right"
            >
                        <p
                                    className="CardMainCellText"
                        >
                                    3.4
                        </p>
                        
            </div>
</div>,
          <div
            className="CardNameCell"
>
            <p>
                        dolar amerykański
            </p>
</div>,
          <div
            className="DoubleButton"
>
            <button
                        className="SaveButton"
                        onClick={[Function]}
            >
                        Przypnij
            </button>
            <button
                        className="HalfCardButton"
                        onClick={[Function]}
            >
                        Dodaj do wykresu
            </button>
</div>,
        ],
        "className": "Card",
      },
      "ref": null,
      "rendered": Array [
        Object {
          "instance": null,
          "key": undefined,
          "nodeType": "host",
          "props": Object {
            "children": Array [
              <div
                className="col-4 CardMainCell Left"
>
                <p
                                className="CardMainCellText"
                >
                                USD
                </p>
</div>,
              <div
                className="col-4 CardMainCell Mid"
>
                <p
                                className="CardMainCellText"
                >
                                3.3
                </p>
</div>,
              <div
                className="col-4 CardMainCell Right"
>
                <p
                                className="CardMainCellText"
                >
                                3.4
                </p>
                
</div>,
            ],
            "className": "row CardMainContainer",
          },
          "ref": null,
          "rendered": Array [
            Object {
              "instance": null,
              "key": undefined,
              "nodeType": "host",
              "props": Object {
                "children": <p
                  className="CardMainCellText"
>
                  USD
</p>,
                "className": "col-4 CardMainCell Left",
              },
              "ref": null,
              "rendered": Object {
                "instance": null,
                "key": undefined,
                "nodeType": "host",
                "props": Object {
                  "children": "USD",
                  "className": "CardMainCellText",
                },
                "ref": null,
                "rendered": "USD",
                "type": "p",
              },
              "type": "div",
            },
            Object {
              "instance": null,
              "key": undefined,
              "nodeType": "host",
              "props": Object {
                "children": <p
                  className="CardMainCellText"
>
                  3.3
</p>,
                "className": "col-4 CardMainCell Mid",
              },
              "ref": null,
              "rendered": Object {
                "instance": null,
                "key": undefined,
                "nodeType": "host",
                "props": Object {
                  "children": 3.3,
                  "className": "CardMainCellText",
                },
                "ref": null,
                "rendered": 3.3,
                "type": "p",
              },
              "type": "div",
            },
            Object {
              "instance": null,
              "key": undefined,
              "nodeType": "host",
              "props": Object {
                "children": Array [
                  <p
                    className="CardMainCellText"
>
                    3.4
</p>,
                  "",
                ],
                "className": "col-4 CardMainCell Right",
              },
              "ref": null,
              "rendered": Array [
                Object {
                  "instance": null,
                  "key": undefined,
                  "nodeType": "host",
                  "props": Object {
                    "children": 3.4,
                    "className": "CardMainCellText",
                  },
                  "ref": null,
                  "rendered": 3.4,
                  "type": "p",
                },
                "",
              ],
              "type": "div",
            },
          ],
          "type": "div",
        },
        Object {
          "instance": null,
          "key": undefined,
          "nodeType": "host",
          "props": Object {
            "children": <p>
              dolar amerykański
</p>,
            "className": "CardNameCell",
          },
          "ref": null,
          "rendered": Object {
            "instance": null,
            "key": undefined,
            "nodeType": "host",
            "props": Object {
              "children": "dolar amerykański",
            },
            "ref": null,
            "rendered": "dolar amerykański",
            "type": "p",
          },
          "type": "div",
        },
        Object {
          "instance": null,
          "key": undefined,
          "nodeType": "host",
          "props": Object {
            "children": Array [
              <button
                className="SaveButton"
                onClick={[Function]}
>
                Przypnij
</button>,
              <button
                className="HalfCardButton"
                onClick={[Function]}
>
                Dodaj do wykresu
</button>,
            ],
            "className": "DoubleButton",
          },
          "ref": null,
          "rendered": Array [
            Object {
              "instance": null,
              "key": undefined,
              "nodeType": "host",
              "props": Object {
                "children": "Przypnij",
                "className": "SaveButton",
                "onClick": [Function],
              },
              "ref": null,
              "rendered": "Przypnij",
              "type": "button",
            },
            Object {
              "instance": null,
              "key": undefined,
              "nodeType": "host",
              "props": Object {
                "children": "Dodaj do wykresu",
                "className": "HalfCardButton",
                "onClick": [Function],
              },
              "ref": null,
              "rendered": "Dodaj do wykresu",
              "type": "button",
            },
          ],
          "type": "div",
        },
      ],
      "type": "div",
    },
  ],
  Symbol(enzyme.__options__): Object {
    "adapter": ReactSixteenAdapter {
      "options": Object {
        "enableComponentDidUpdateOnSetState": true,
      },
    },
  },
}
`;
